// Jest Snapshot v1, https://goo.gl/fbAQLP

exports[`Tests the mounted Footer component tests the footer of the app against the snapshot 1`] = `
ReactWrapper {
  Symbol(enzyme.__unrendered__): <Home />,
  Symbol(enzyme.__renderer__): Object {
    "batchedUpdates": [Function],
    "getNode": [Function],
    "render": [Function],
    "simulateError": [Function],
    "simulateEvent": [Function],
    "unmount": [Function],
  },
  Symbol(enzyme.__root__): [Circular],
  Symbol(enzyme.__node__): Object {
    "instance": null,
    "key": undefined,
    "nodeType": "function",
    "props": Object {},
    "ref": null,
    "rendered": Object {
      "instance": <div>
        <h3>
          Author's Haven
        </h3>
      </div>,
      "key": undefined,
      "nodeType": "host",
      "props": Object {
        "children": <h3>
          Author's Haven
        </h3>,
      },
      "ref": null,
      "rendered": Array [
        Object {
          "instance": <h3>
            Author's Haven
          </h3>,
          "key": undefined,
          "nodeType": "host",
          "props": Object {
            "children": "Author's Haven",
          },
          "ref": null,
          "rendered": Array [
            "Author's Haven",
          ],
          "type": "h3",
        },
      ],
      "type": "div",
    },
    "type": [Function],
  },
  Symbol(enzyme.__nodes__): Array [
    Object {
      "instance": null,
      "key": undefined,
      "nodeType": "function",
      "props": Object {},
      "ref": null,
      "rendered": Object {
        "instance": <div>
          <h3>
            Author's Haven
          </h3>
        </div>,
        "key": undefined,
        "nodeType": "host",
        "props": Object {
          "children": <h3>
            Author's Haven
          </h3>,
        },
        "ref": null,
        "rendered": Array [
          Object {
            "instance": <h3>
              Author's Haven
            </h3>,
            "key": undefined,
            "nodeType": "host",
            "props": Object {
              "children": "Author's Haven",
            },
            "ref": null,
            "rendered": Array [
              "Author's Haven",
            ],
            "type": "h3",
          },
        ],
        "type": "div",
      },
      "type": [Function],
    },
  ],
  Symbol(enzyme.__options__): Object {
    "adapter": ReactSixteenAdapter {
      "options": Object {
        "enableComponentDidUpdateOnSetState": true,
        "lifecycles": Object {
          "componentDidUpdate": Object {
            "onSetState": true,
          },
          "getDerivedStateFromProps": true,
          "getSnapshotBeforeUpdate": true,
          "setState": Object {
            "skipsComponentDidUpdateOnNullish": true,
          },
        },
      },
    },
  },
}
`;
